mode: set
git.myscrm.cn/ganqx01/ai-script/backend/internal/handler/handler.go:35.88,38.16 2 0
git.myscrm.cn/ganqx01/ai-script/backend/internal/handler/handler.go:38.16,40.3 1 0
git.myscrm.cn/ganqx01/ai-script/backend/internal/handler/handler.go:41.2,64.3 1 0
git.myscrm.cn/ganqx01/ai-script/backend/internal/handler/handlers.go:36.60,38.2 1 0
git.myscrm.cn/ganqx01/ai-script/backend/internal/handler/handlers.go:39.60,41.2 1 0
git.myscrm.cn/ganqx01/ai-script/backend/internal/handler/handlers.go:55.45,57.47 2 0
git.myscrm.cn/ganqx01/ai-script/backend/internal/handler/handlers.go:57.47,60.3 2 0
git.myscrm.cn/ganqx01/ai-script/backend/internal/handler/handlers.go:61.2,63.18 2 0
git.myscrm.cn/ganqx01/ai-script/backend/internal/handler/handlers.go:63.18,65.17 2 0
git.myscrm.cn/ganqx01/ai-script/backend/internal/handler/handlers.go:65.17,68.4 2 0
git.myscrm.cn/ganqx01/ai-script/backend/internal/handler/handlers.go:70.2,71.16 2 0
git.myscrm.cn/ganqx01/ai-script/backend/internal/handler/handlers.go:71.16,72.19 1 0
git.myscrm.cn/ganqx01/ai-script/backend/internal/handler/handlers.go:72.19,78.20 6 0
git.myscrm.cn/ganqx01/ai-script/backend/internal/handler/handlers.go:78.20,79.75 1 0
git.myscrm.cn/ganqx01/ai-script/backend/internal/handler/handlers.go:79.75,81.6 1 0
git.myscrm.cn/ganqx01/ai-script/backend/internal/handler/handlers.go:84.3,85.9 2 0
git.myscrm.cn/ganqx01/ai-script/backend/internal/handler/handlers.go:88.2,88.18 1 0
git.myscrm.cn/ganqx01/ai-script/backend/internal/handler/handlers.go:88.18,90.3 1 0
git.myscrm.cn/ganqx01/ai-script/backend/internal/handler/handlers.go:91.2,91.19 1 0
git.myscrm.cn/ganqx01/ai-script/backend/internal/handler/handlers.go:109.47,111.47 2 0
git.myscrm.cn/ganqx01/ai-script/backend/internal/handler/handlers.go:111.47,114.3 2 0
git.myscrm.cn/ganqx01/ai-script/backend/internal/handler/handlers.go:115.2,116.16 2 0
git.myscrm.cn/ganqx01/ai-script/backend/internal/handler/handlers.go:116.16,119.3 2 0
git.myscrm.cn/ganqx01/ai-script/backend/internal/handler/handlers.go:120.2,120.19 1 0
git.myscrm.cn/ganqx01/ai-script/backend/internal/handler/handlers.go:131.46,131.69 1 0
git.myscrm.cn/ganqx01/ai-script/backend/internal/handler/handlers.go:151.42,154.16 3 0
git.myscrm.cn/ganqx01/ai-script/backend/internal/handler/handlers.go:154.16,157.3 2 0
git.myscrm.cn/ganqx01/ai-script/backend/internal/handler/handlers.go:158.2,158.19 1 0
git.myscrm.cn/ganqx01/ai-script/backend/internal/handler/handlers.go:177.44,181.20 4 0
git.myscrm.cn/ganqx01/ai-script/backend/internal/handler/handlers.go:181.20,184.3 2 0
git.myscrm.cn/ganqx01/ai-script/backend/internal/handler/handlers.go:185.2,185.38 1 0
git.myscrm.cn/ganqx01/ai-script/backend/internal/handler/handlers.go:185.38,188.3 2 0
git.myscrm.cn/ganqx01/ai-script/backend/internal/handler/handlers.go:189.2,189.37 1 0
git.myscrm.cn/ganqx01/ai-script/backend/internal/handler/handlers.go:189.37,192.3 2 0
git.myscrm.cn/ganqx01/ai-script/backend/internal/handler/handlers.go:193.2,194.16 2 0
git.myscrm.cn/ganqx01/ai-script/backend/internal/handler/handlers.go:194.16,197.3 2 0
git.myscrm.cn/ganqx01/ai-script/backend/internal/handler/handlers.go:198.2,198.93 1 0
git.myscrm.cn/ganqx01/ai-script/backend/internal/handler/handlers.go:215.43,217.13 2 0
git.myscrm.cn/ganqx01/ai-script/backend/internal/handler/handlers.go:217.13,220.3 2 0
git.myscrm.cn/ganqx01/ai-script/backend/internal/handler/handlers.go:221.2,222.16 2 0
git.myscrm.cn/ganqx01/ai-script/backend/internal/handler/handlers.go:222.16,225.3 2 0
git.myscrm.cn/ganqx01/ai-script/backend/internal/handler/handlers.go:226.2,226.19 1 0
git.myscrm.cn/ganqx01/ai-script/backend/internal/handler/handlers.go:243.46,245.46 2 0
git.myscrm.cn/ganqx01/ai-script/backend/internal/handler/handlers.go:245.46,248.3 2 0
git.myscrm.cn/ganqx01/ai-script/backend/internal/handler/handlers.go:249.2,250.16 2 0
git.myscrm.cn/ganqx01/ai-script/backend/internal/handler/handlers.go:250.16,253.3 2 0
git.myscrm.cn/ganqx01/ai-script/backend/internal/handler/handlers.go:254.2,254.19 1 0
git.myscrm.cn/ganqx01/ai-script/backend/internal/handler/handlers.go:272.46,275.46 3 0
git.myscrm.cn/ganqx01/ai-script/backend/internal/handler/handlers.go:275.46,278.3 2 0
git.myscrm.cn/ganqx01/ai-script/backend/internal/handler/handlers.go:279.2,280.16 2 0
git.myscrm.cn/ganqx01/ai-script/backend/internal/handler/handlers.go:280.16,283.3 2 0
git.myscrm.cn/ganqx01/ai-script/backend/internal/handler/handlers.go:284.2,284.19 1 0
git.myscrm.cn/ganqx01/ai-script/backend/internal/handler/handlers.go:300.46,302.63 2 0
git.myscrm.cn/ganqx01/ai-script/backend/internal/handler/handlers.go:302.63,305.3 2 0
git.myscrm.cn/ganqx01/ai-script/backend/internal/handler/handlers.go:306.2,306.21 1 0
git.myscrm.cn/ganqx01/ai-script/backend/internal/handler/handlers.go:327.53,329.13 2 0
git.myscrm.cn/ganqx01/ai-script/backend/internal/handler/handlers.go:329.13,332.3 2 0
git.myscrm.cn/ganqx01/ai-script/backend/internal/handler/handlers.go:333.2,334.47 2 0
git.myscrm.cn/ganqx01/ai-script/backend/internal/handler/handlers.go:334.47,337.3 2 0
git.myscrm.cn/ganqx01/ai-script/backend/internal/handler/handlers.go:338.2,338.87 1 0
git.myscrm.cn/ganqx01/ai-script/backend/internal/handler/handlers.go:338.87,341.3 2 0
git.myscrm.cn/ganqx01/ai-script/backend/internal/handler/handlers.go:342.2,342.21 1 0
git.myscrm.cn/ganqx01/ai-script/backend/internal/handler/handlers.go:362.54,364.47 2 0
git.myscrm.cn/ganqx01/ai-script/backend/internal/handler/handlers.go:364.47,367.3 2 0
git.myscrm.cn/ganqx01/ai-script/backend/internal/handler/handlers.go:368.2,369.9 2 0
git.myscrm.cn/ganqx01/ai-script/backend/internal/handler/handlers.go:369.9,372.3 2 0
git.myscrm.cn/ganqx01/ai-script/backend/internal/handler/handlers.go:373.2,373.114 1 0
git.myscrm.cn/ganqx01/ai-script/backend/internal/handler/handlers.go:373.114,376.3 2 0
git.myscrm.cn/ganqx01/ai-script/backend/internal/handler/handlers.go:377.2,377.21 1 0
git.myscrm.cn/ganqx01/ai-script/backend/internal/handler/handlers.go:387.44,389.16 2 0
git.myscrm.cn/ganqx01/ai-script/backend/internal/handler/handlers.go:389.16,392.3 2 0
git.myscrm.cn/ganqx01/ai-script/backend/internal/handler/handlers.go:393.2,393.22 1 0
git.myscrm.cn/ganqx01/ai-script/backend/internal/handler/handlers.go:396.43,399.16 3 0
git.myscrm.cn/ganqx01/ai-script/backend/internal/handler/handlers.go:399.16,402.3 2 0
git.myscrm.cn/ganqx01/ai-script/backend/internal/handler/handlers.go:403.2,403.19 1 0
git.myscrm.cn/ganqx01/ai-script/backend/internal/handler/handlers.go:406.46,408.46 2 0
git.myscrm.cn/ganqx01/ai-script/backend/internal/handler/handlers.go:408.46,411.3 2 0
git.myscrm.cn/ganqx01/ai-script/backend/internal/handler/handlers.go:412.2,413.16 2 0
git.myscrm.cn/ganqx01/ai-script/backend/internal/handler/handlers.go:413.16,416.3 2 0
git.myscrm.cn/ganqx01/ai-script/backend/internal/handler/handlers.go:417.2,417.19 1 0
git.myscrm.cn/ganqx01/ai-script/backend/internal/handler/handlers.go:426.46,429.47 3 0
git.myscrm.cn/ganqx01/ai-script/backend/internal/handler/handlers.go:429.47,432.3 2 0
git.myscrm.cn/ganqx01/ai-script/backend/internal/handler/handlers.go:433.2,434.16 2 0
git.myscrm.cn/ganqx01/ai-script/backend/internal/handler/handlers.go:434.16,437.3 2 0
git.myscrm.cn/ganqx01/ai-script/backend/internal/handler/handlers.go:438.2,438.19 1 0
git.myscrm.cn/ganqx01/ai-script/backend/internal/handler/handlers.go:441.46,443.63 2 0
git.myscrm.cn/ganqx01/ai-script/backend/internal/handler/handlers.go:443.63,446.3 2 0
git.myscrm.cn/ganqx01/ai-script/backend/internal/handler/handlers.go:447.2,447.21 1 0
git.myscrm.cn/ganqx01/ai-script/backend/internal/handler/handlers.go:457.44,459.16 2 0
git.myscrm.cn/ganqx01/ai-script/backend/internal/handler/handlers.go:459.16,462.3 2 0
git.myscrm.cn/ganqx01/ai-script/backend/internal/handler/handlers.go:463.2,463.22 1 0
git.myscrm.cn/ganqx01/ai-script/backend/internal/handler/handlers.go:466.43,469.16 3 0
git.myscrm.cn/ganqx01/ai-script/backend/internal/handler/handlers.go:469.16,472.3 2 0
git.myscrm.cn/ganqx01/ai-script/backend/internal/handler/handlers.go:473.2,473.19 1 0
git.myscrm.cn/ganqx01/ai-script/backend/internal/handler/handlers.go:476.55,478.16 2 0
git.myscrm.cn/ganqx01/ai-script/backend/internal/handler/handlers.go:478.16,481.3 2 0
git.myscrm.cn/ganqx01/ai-script/backend/internal/handler/handlers.go:482.2,482.23 1 0
git.myscrm.cn/ganqx01/ai-script/backend/internal/handler/handlers.go:485.46,487.46 2 0
git.myscrm.cn/ganqx01/ai-script/backend/internal/handler/handlers.go:487.46,490.3 2 0
git.myscrm.cn/ganqx01/ai-script/backend/internal/handler/handlers.go:491.2,492.16 2 0
git.myscrm.cn/ganqx01/ai-script/backend/internal/handler/handlers.go:492.16,495.3 2 0
git.myscrm.cn/ganqx01/ai-script/backend/internal/handler/handlers.go:496.2,496.19 1 0
git.myscrm.cn/ganqx01/ai-script/backend/internal/handler/handlers.go:499.46,502.46 3 0
git.myscrm.cn/ganqx01/ai-script/backend/internal/handler/handlers.go:502.46,505.3 2 0
git.myscrm.cn/ganqx01/ai-script/backend/internal/handler/handlers.go:506.2,507.16 2 0
git.myscrm.cn/ganqx01/ai-script/backend/internal/handler/handlers.go:507.16,510.3 2 0
git.myscrm.cn/ganqx01/ai-script/backend/internal/handler/handlers.go:511.2,511.19 1 0
git.myscrm.cn/ganqx01/ai-script/backend/internal/handler/handlers.go:514.46,516.63 2 0
git.myscrm.cn/ganqx01/ai-script/backend/internal/handler/handlers.go:516.63,519.3 2 0
git.myscrm.cn/ganqx01/ai-script/backend/internal/handler/handlers.go:520.2,520.21 1 0
git.myscrm.cn/ganqx01/ai-script/backend/internal/handler/handlers.go:530.47,533.37 3 0
git.myscrm.cn/ganqx01/ai-script/backend/internal/handler/handlers.go:533.37,536.3 2 0
git.myscrm.cn/ganqx01/ai-script/backend/internal/handler/handlers.go:537.2,542.34 4 0
git.myscrm.cn/ganqx01/ai-script/backend/internal/handler/handlers.go:542.34,543.37 1 0
git.myscrm.cn/ganqx01/ai-script/backend/internal/handler/handlers.go:543.37,545.4 1 0
git.myscrm.cn/ganqx01/ai-script/backend/internal/handler/handlers.go:548.2,549.16 2 0
git.myscrm.cn/ganqx01/ai-script/backend/internal/handler/handlers.go:549.16,552.3 2 0
git.myscrm.cn/ganqx01/ai-script/backend/internal/handler/handlers.go:553.2,553.93 1 0
git.myscrm.cn/ganqx01/ai-script/backend/internal/handler/handlers.go:556.44,557.26 1 0
git.myscrm.cn/ganqx01/ai-script/backend/internal/handler/handlers.go:557.26,558.25 1 0
git.myscrm.cn/ganqx01/ai-script/backend/internal/handler/handlers.go:558.25,560.4 1 0
git.myscrm.cn/ganqx01/ai-script/backend/internal/handler/handlers.go:562.2,562.26 1 0
git.myscrm.cn/ganqx01/ai-script/backend/internal/handler/handlers.go:562.26,563.24 1 0
git.myscrm.cn/ganqx01/ai-script/backend/internal/handler/handlers.go:563.24,565.4 1 0
git.myscrm.cn/ganqx01/ai-script/backend/internal/handler/handlers.go:567.2,567.15 1 0
git.myscrm.cn/ganqx01/ai-script/backend/internal/handler/handlers.go:570.49,572.46 2 0
git.myscrm.cn/ganqx01/ai-script/backend/internal/handler/handlers.go:572.46,575.3 2 0
git.myscrm.cn/ganqx01/ai-script/backend/internal/handler/handlers.go:576.2,577.9 2 0
git.myscrm.cn/ganqx01/ai-script/backend/internal/handler/handlers.go:577.9,580.3 2 0
git.myscrm.cn/ganqx01/ai-script/backend/internal/handler/handlers.go:581.2,583.16 3 0
git.myscrm.cn/ganqx01/ai-script/backend/internal/handler/handlers.go:583.16,586.3 2 0
git.myscrm.cn/ganqx01/ai-script/backend/internal/handler/handlers.go:587.2,587.19 1 0
git.myscrm.cn/ganqx01/ai-script/backend/internal/handler/handlers.go:590.46,593.16 3 0
git.myscrm.cn/ganqx01/ai-script/backend/internal/handler/handlers.go:593.16,596.3 2 0
git.myscrm.cn/ganqx01/ai-script/backend/internal/handler/handlers.go:597.2,597.19 1 0
git.myscrm.cn/ganqx01/ai-script/backend/internal/handler/handlers.go:600.49,603.46 3 0
git.myscrm.cn/ganqx01/ai-script/backend/internal/handler/handlers.go:603.46,606.3 2 0
git.myscrm.cn/ganqx01/ai-script/backend/internal/handler/handlers.go:607.2,608.9 2 0
git.myscrm.cn/ganqx01/ai-script/backend/internal/handler/handlers.go:608.9,611.3 2 0
git.myscrm.cn/ganqx01/ai-script/backend/internal/handler/handlers.go:612.2,613.16 2 0
git.myscrm.cn/ganqx01/ai-script/backend/internal/handler/handlers.go:613.16,616.3 2 0
git.myscrm.cn/ganqx01/ai-script/backend/internal/handler/handlers.go:617.2,617.19 1 0
git.myscrm.cn/ganqx01/ai-script/backend/internal/handler/handlers.go:620.49,622.66 2 0
git.myscrm.cn/ganqx01/ai-script/backend/internal/handler/handlers.go:622.66,625.3 2 0
git.myscrm.cn/ganqx01/ai-script/backend/internal/handler/handlers.go:626.2,626.21 1 0
git.myscrm.cn/ganqx01/ai-script/backend/internal/handler/handlers.go:629.54,632.16 3 0
git.myscrm.cn/ganqx01/ai-script/backend/internal/handler/handlers.go:632.16,635.3 2 0
git.myscrm.cn/ganqx01/ai-script/backend/internal/handler/handlers.go:636.2,636.22 1 0
git.myscrm.cn/ganqx01/ai-script/backend/internal/handler/handlers.go:644.52,647.47 3 0
git.myscrm.cn/ganqx01/ai-script/backend/internal/handler/handlers.go:647.47,650.3 2 0
git.myscrm.cn/ganqx01/ai-script/backend/internal/handler/handlers.go:651.2,651.100 1 0
git.myscrm.cn/ganqx01/ai-script/backend/internal/handler/handlers.go:651.100,654.3 2 0
git.myscrm.cn/ganqx01/ai-script/backend/internal/handler/handlers.go:655.2,655.21 1 0
git.myscrm.cn/ganqx01/ai-script/backend/internal/handler/handlers.go:658.55,661.77 3 0
git.myscrm.cn/ganqx01/ai-script/backend/internal/handler/handlers.go:661.77,664.3 2 0
git.myscrm.cn/ganqx01/ai-script/backend/internal/handler/handlers.go:665.2,665.21 1 0
git.myscrm.cn/ganqx01/ai-script/backend/internal/handler/handlers.go:675.45,681.38 6 0
git.myscrm.cn/ganqx01/ai-script/backend/internal/handler/handlers.go:681.38,684.3 2 0
git.myscrm.cn/ganqx01/ai-script/backend/internal/handler/handlers.go:685.2,686.16 2 0
git.myscrm.cn/ganqx01/ai-script/backend/internal/handler/handlers.go:686.16,689.3 2 0
git.myscrm.cn/ganqx01/ai-script/backend/internal/handler/handlers.go:690.2,690.93 1 0
git.myscrm.cn/ganqx01/ai-script/backend/internal/handler/handlers.go:693.44,696.16 3 0
git.myscrm.cn/ganqx01/ai-script/backend/internal/handler/handlers.go:696.16,699.3 2 0
git.myscrm.cn/ganqx01/ai-script/backend/internal/handler/handlers.go:700.2,700.19 1 0
git.myscrm.cn/ganqx01/ai-script/backend/internal/handler/handlers.go:703.47,705.46 2 0
git.myscrm.cn/ganqx01/ai-script/backend/internal/handler/handlers.go:705.46,708.3 2 0
git.myscrm.cn/ganqx01/ai-script/backend/internal/handler/handlers.go:709.2,710.16 2 0
git.myscrm.cn/ganqx01/ai-script/backend/internal/handler/handlers.go:710.16,713.3 2 0
git.myscrm.cn/ganqx01/ai-script/backend/internal/handler/handlers.go:714.2,714.19 1 0
git.myscrm.cn/ganqx01/ai-script/backend/internal/handler/handlers.go:717.47,720.46 3 0
git.myscrm.cn/ganqx01/ai-script/backend/internal/handler/handlers.go:720.46,723.3 2 0
git.myscrm.cn/ganqx01/ai-script/backend/internal/handler/handlers.go:724.2,725.16 2 0
git.myscrm.cn/ganqx01/ai-script/backend/internal/handler/handlers.go:725.16,728.3 2 0
git.myscrm.cn/ganqx01/ai-script/backend/internal/handler/handlers.go:729.2,729.19 1 0
git.myscrm.cn/ganqx01/ai-script/backend/internal/handler/handlers.go:732.47,734.64 2 0
git.myscrm.cn/ganqx01/ai-script/backend/internal/handler/handlers.go:734.64,737.3 2 0
git.myscrm.cn/ganqx01/ai-script/backend/internal/handler/handlers.go:738.2,738.21 1 0
git.myscrm.cn/ganqx01/ai-script/backend/internal/handler/handlers.go:741.52,744.16 3 0
git.myscrm.cn/ganqx01/ai-script/backend/internal/handler/handlers.go:744.16,748.3 2 0
git.myscrm.cn/ganqx01/ai-script/backend/internal/handler/handlers.go:749.2,749.38 1 0
git.myscrm.cn/ganqx01/ai-script/backend/internal/handler/handlers.go:797.49,800.46 3 1
git.myscrm.cn/ganqx01/ai-script/backend/internal/handler/handlers.go:800.46,803.3 2 1
git.myscrm.cn/ganqx01/ai-script/backend/internal/handler/handlers.go:804.2,804.66 1 0
git.myscrm.cn/ganqx01/ai-script/backend/internal/handler/handlers.go:804.66,807.3 2 0
git.myscrm.cn/ganqx01/ai-script/backend/internal/handler/handlers.go:808.2,811.16 4 0
git.myscrm.cn/ganqx01/ai-script/backend/internal/handler/handlers.go:811.16,814.3 2 0
git.myscrm.cn/ganqx01/ai-script/backend/internal/handler/handlers.go:815.2,815.102 1 0
git.myscrm.cn/ganqx01/ai-script/backend/internal/handler/handlers.go:823.47,826.13 3 0
git.myscrm.cn/ganqx01/ai-script/backend/internal/handler/handlers.go:826.13,829.3 2 0
git.myscrm.cn/ganqx01/ai-script/backend/internal/handler/handlers.go:830.2,831.47 2 0
git.myscrm.cn/ganqx01/ai-script/backend/internal/handler/handlers.go:831.47,834.3 2 0
git.myscrm.cn/ganqx01/ai-script/backend/internal/handler/handlers.go:835.2,836.16 2 0
git.myscrm.cn/ganqx01/ai-script/backend/internal/handler/handlers.go:836.16,839.3 2 0
git.myscrm.cn/ganqx01/ai-script/backend/internal/handler/handlers.go:840.2,840.60 1 0
git.myscrm.cn/ganqx01/ai-script/backend/internal/handler/handlers.go:845.121,847.14 2 1
git.myscrm.cn/ganqx01/ai-script/backend/internal/handler/handlers.go:847.14,849.3 1 0
git.myscrm.cn/ganqx01/ai-script/backend/internal/handler/handlers.go:850.2,851.18 2 1
git.myscrm.cn/ganqx01/ai-script/backend/internal/handler/handlers.go:851.18,853.3 1 0
git.myscrm.cn/ganqx01/ai-script/backend/internal/handler/handlers.go:854.2,854.28 1 1
git.myscrm.cn/ganqx01/ai-script/backend/internal/handler/handlers.go:854.28,856.3 1 0
git.myscrm.cn/ganqx01/ai-script/backend/internal/handler/handlers.go:857.2,857.23 1 1
git.myscrm.cn/ganqx01/ai-script/backend/internal/handler/script_prompt_ws.go:36.46,46.16 6 0
git.myscrm.cn/ganqx01/ai-script/backend/internal/handler/script_prompt_ws.go:46.16,49.3 2 0
git.myscrm.cn/ganqx01/ai-script/backend/internal/handler/script_prompt_ws.go:50.2,50.90 1 0
git.myscrm.cn/ganqx01/ai-script/backend/internal/handler/script_prompt_ws.go:66.45,69.16 3 0
git.myscrm.cn/ganqx01/ai-script/backend/internal/handler/script_prompt_ws.go:69.16,72.3 2 0
git.myscrm.cn/ganqx01/ai-script/backend/internal/handler/script_prompt_ws.go:73.2,73.20 1 0
git.myscrm.cn/ganqx01/ai-script/backend/internal/handler/script_prompt_ws.go:89.48,91.46 2 0
git.myscrm.cn/ganqx01/ai-script/backend/internal/handler/script_prompt_ws.go:91.46,94.3 2 0
git.myscrm.cn/ganqx01/ai-script/backend/internal/handler/script_prompt_ws.go:95.2,96.9 2 0
git.myscrm.cn/ganqx01/ai-script/backend/internal/handler/script_prompt_ws.go:96.9,99.3 2 0
git.myscrm.cn/ganqx01/ai-script/backend/internal/handler/script_prompt_ws.go:100.2,101.16 2 0
git.myscrm.cn/ganqx01/ai-script/backend/internal/handler/script_prompt_ws.go:101.16,104.3 2 0
git.myscrm.cn/ganqx01/ai-script/backend/internal/handler/script_prompt_ws.go:105.2,105.20 1 0
git.myscrm.cn/ganqx01/ai-script/backend/internal/handler/script_prompt_ws.go:121.48,123.65 2 0
git.myscrm.cn/ganqx01/ai-script/backend/internal/handler/script_prompt_ws.go:123.65,126.3 2 0
git.myscrm.cn/ganqx01/ai-script/backend/internal/handler/script_prompt_ws.go:127.2,127.33 1 0
git.myscrm.cn/ganqx01/ai-script/backend/internal/handler/script_prompt_ws.go:143.54,145.13 2 0
git.myscrm.cn/ganqx01/ai-script/backend/internal/handler/script_prompt_ws.go:145.13,148.3 2 0
git.myscrm.cn/ganqx01/ai-script/backend/internal/handler/script_prompt_ws.go:149.2,150.16 2 0
git.myscrm.cn/ganqx01/ai-script/backend/internal/handler/script_prompt_ws.go:150.16,153.3 2 0
git.myscrm.cn/ganqx01/ai-script/backend/internal/handler/script_prompt_ws.go:154.2,154.22 1 0
git.myscrm.cn/ganqx01/ai-script/backend/internal/handler/script_prompt_ws.go:173.47,176.13 3 0
git.myscrm.cn/ganqx01/ai-script/backend/internal/handler/script_prompt_ws.go:176.13,179.3 2 0
git.myscrm.cn/ganqx01/ai-script/backend/internal/handler/script_prompt_ws.go:180.2,181.46 2 0
git.myscrm.cn/ganqx01/ai-script/backend/internal/handler/script_prompt_ws.go:181.46,184.3 2 0
git.myscrm.cn/ganqx01/ai-script/backend/internal/handler/script_prompt_ws.go:185.2,186.9 2 0
git.myscrm.cn/ganqx01/ai-script/backend/internal/handler/script_prompt_ws.go:186.9,189.3 2 0
git.myscrm.cn/ganqx01/ai-script/backend/internal/handler/script_prompt_ws.go:190.2,191.16 2 0
git.myscrm.cn/ganqx01/ai-script/backend/internal/handler/script_prompt_ws.go:191.16,194.3 2 0
git.myscrm.cn/ganqx01/ai-script/backend/internal/handler/script_prompt_ws.go:195.2,198.4 1 0
git.myscrm.cn/ganqx01/ai-script/backend/internal/handler/script_prompt_ws.go:203.55,206.16 3 0
git.myscrm.cn/ganqx01/ai-script/backend/internal/handler/script_prompt_ws.go:206.16,209.3 2 0
git.myscrm.cn/ganqx01/ai-script/backend/internal/handler/script_prompt_ws.go:210.2,210.22 1 0
git.myscrm.cn/ganqx01/ai-script/backend/internal/handler/script_prompt_ws.go:213.52,216.16 3 0
git.myscrm.cn/ganqx01/ai-script/backend/internal/handler/script_prompt_ws.go:216.16,219.3 2 0
git.myscrm.cn/ganqx01/ai-script/backend/internal/handler/script_prompt_ws.go:220.2,220.19 1 0
git.myscrm.cn/ganqx01/ai-script/backend/internal/handler/script_prompt_ws.go:223.50,227.46 4 0
git.myscrm.cn/ganqx01/ai-script/backend/internal/handler/script_prompt_ws.go:227.46,230.3 2 0
git.myscrm.cn/ganqx01/ai-script/backend/internal/handler/script_prompt_ws.go:231.2,232.9 2 0
git.myscrm.cn/ganqx01/ai-script/backend/internal/handler/script_prompt_ws.go:232.9,235.3 2 0
git.myscrm.cn/ganqx01/ai-script/backend/internal/handler/script_prompt_ws.go:236.2,237.16 2 0
git.myscrm.cn/ganqx01/ai-script/backend/internal/handler/script_prompt_ws.go:237.16,240.3 2 0
git.myscrm.cn/ganqx01/ai-script/backend/internal/handler/script_prompt_ws.go:241.2,244.4 1 0
git.myscrm.cn/ganqx01/ai-script/backend/internal/handler/script_prompt_ws.go:247.52,252.48 3 0
git.myscrm.cn/ganqx01/ai-script/backend/internal/handler/script_prompt_ws.go:252.48,255.3 2 0
git.myscrm.cn/ganqx01/ai-script/backend/internal/handler/script_prompt_ws.go:256.2,256.85 1 0
git.myscrm.cn/ganqx01/ai-script/backend/internal/handler/script_prompt_ws.go:256.85,259.3 2 0
git.myscrm.cn/ganqx01/ai-script/backend/internal/handler/script_prompt_ws.go:260.2,260.33 1 0
git.myscrm.cn/ganqx01/ai-script/backend/internal/handler/script_prompt_ws.go:271.46,273.66 2 0
git.myscrm.cn/ganqx01/ai-script/backend/internal/handler/script_prompt_ws.go:273.66,275.3 1 0
git.myscrm.cn/ganqx01/ai-script/backend/internal/handler/script_prompt_ws.go:280.27,281.23 1 0
git.myscrm.cn/ganqx01/ai-script/backend/internal/handler/script_prompt_ws.go:282.13,283.11 1 0
git.myscrm.cn/ganqx01/ai-script/backend/internal/handler/script_prompt_ws.go:284.11,285.18 1 0
git.myscrm.cn/ganqx01/ai-script/backend/internal/handler/script_prompt_ws.go:286.15,287.18 1 0
git.myscrm.cn/ganqx01/ai-script/backend/internal/handler/script_prompt_ws.go:289.2,289.10 1 0
git.myscrm.cn/ganqx01/ai-script/backend/internal/handler/sprint3.go:25.59,28.16 3 1
git.myscrm.cn/ganqx01/ai-script/backend/internal/handler/sprint3.go:28.16,31.3 2 0
git.myscrm.cn/ganqx01/ai-script/backend/internal/handler/sprint3.go:32.2,32.22 1 1
git.myscrm.cn/ganqx01/ai-script/backend/internal/handler/sprint3.go:35.49,38.16 3 1
git.myscrm.cn/ganqx01/ai-script/backend/internal/handler/sprint3.go:38.16,41.3 2 1
git.myscrm.cn/ganqx01/ai-script/backend/internal/handler/sprint3.go:42.2,42.20 1 1
git.myscrm.cn/ganqx01/ai-script/backend/internal/handler/sprint3.go:57.52,60.47 3 1
git.myscrm.cn/ganqx01/ai-script/backend/internal/handler/sprint3.go:60.47,63.3 2 1
git.myscrm.cn/ganqx01/ai-script/backend/internal/handler/sprint3.go:64.2,65.16 2 1
git.myscrm.cn/ganqx01/ai-script/backend/internal/handler/sprint3.go:65.16,68.3 2 1
git.myscrm.cn/ganqx01/ai-script/backend/internal/handler/sprint3.go:69.2,69.25 1 1
git.myscrm.cn/ganqx01/ai-script/backend/internal/handler/sprint3.go:69.25,71.3 1 1
git.myscrm.cn/ganqx01/ai-script/backend/internal/handler/sprint3.go:72.2,72.29 1 1
git.myscrm.cn/ganqx01/ai-script/backend/internal/handler/sprint3.go:72.29,74.3 1 0
git.myscrm.cn/ganqx01/ai-script/backend/internal/handler/sprint3.go:75.2,75.26 1 1
git.myscrm.cn/ganqx01/ai-script/backend/internal/handler/sprint3.go:75.26,77.3 1 1
git.myscrm.cn/ganqx01/ai-script/backend/internal/handler/sprint3.go:78.2,78.27 1 1
git.myscrm.cn/ganqx01/ai-script/backend/internal/handler/sprint3.go:78.27,81.3 2 0
git.myscrm.cn/ganqx01/ai-script/backend/internal/handler/sprint3.go:82.2,82.23 1 1
git.myscrm.cn/ganqx01/ai-script/backend/internal/handler/sprint3.go:82.23,84.3 1 0
git.myscrm.cn/ganqx01/ai-script/backend/internal/handler/sprint3.go:85.2,85.25 1 1
git.myscrm.cn/ganqx01/ai-script/backend/internal/handler/sprint3.go:85.25,87.3 1 0
git.myscrm.cn/ganqx01/ai-script/backend/internal/handler/sprint3.go:88.2,88.28 1 1
git.myscrm.cn/ganqx01/ai-script/backend/internal/handler/sprint3.go:88.28,90.3 1 0
git.myscrm.cn/ganqx01/ai-script/backend/internal/handler/sprint3.go:91.2,91.22 1 1
git.myscrm.cn/ganqx01/ai-script/backend/internal/handler/sprint3.go:91.22,93.3 1 0
git.myscrm.cn/ganqx01/ai-script/backend/internal/handler/sprint3.go:94.2,94.23 1 1
git.myscrm.cn/ganqx01/ai-script/backend/internal/handler/sprint3.go:94.23,96.3 1 0
git.myscrm.cn/ganqx01/ai-script/backend/internal/handler/sprint3.go:97.2,97.64 1 1
git.myscrm.cn/ganqx01/ai-script/backend/internal/handler/sprint3.go:97.64,100.3 2 0
git.myscrm.cn/ganqx01/ai-script/backend/internal/handler/sprint3.go:101.2,101.20 1 1
git.myscrm.cn/ganqx01/ai-script/backend/internal/handler/sprint3.go:104.52,106.64 2 1
git.myscrm.cn/ganqx01/ai-script/backend/internal/handler/sprint3.go:106.64,109.3 2 0
git.myscrm.cn/ganqx01/ai-script/backend/internal/handler/sprint3.go:110.2,110.21 1 1
git.myscrm.cn/ganqx01/ai-script/backend/internal/handler/sprint3.go:117.54,120.47 3 1
git.myscrm.cn/ganqx01/ai-script/backend/internal/handler/sprint3.go:120.47,123.3 2 1
git.myscrm.cn/ganqx01/ai-script/backend/internal/handler/sprint3.go:124.2,124.78 1 1
git.myscrm.cn/ganqx01/ai-script/backend/internal/handler/sprint3.go:124.78,127.3 2 0
git.myscrm.cn/ganqx01/ai-script/backend/internal/handler/sprint3.go:128.2,128.48 1 1
git.myscrm.cn/ganqx01/ai-script/backend/internal/handler/sprint3.go:136.54,140.47 4 1
git.myscrm.cn/ganqx01/ai-script/backend/internal/handler/sprint3.go:140.47,143.3 2 1
git.myscrm.cn/ganqx01/ai-script/backend/internal/handler/sprint3.go:144.2,144.22 1 1
git.myscrm.cn/ganqx01/ai-script/backend/internal/handler/sprint3.go:144.22,147.3 2 0
git.myscrm.cn/ganqx01/ai-script/backend/internal/handler/sprint3.go:148.2,149.9 2 1
git.myscrm.cn/ganqx01/ai-script/backend/internal/handler/sprint3.go:149.9,152.3 2 1
git.myscrm.cn/ganqx01/ai-script/backend/internal/handler/sprint3.go:153.2,154.16 2 0
git.myscrm.cn/ganqx01/ai-script/backend/internal/handler/sprint3.go:154.16,157.3 2 0
git.myscrm.cn/ganqx01/ai-script/backend/internal/handler/sprint3.go:158.2,158.92 1 0
git.myscrm.cn/ganqx01/ai-script/backend/internal/handler/sprint3.go:165.56,168.47 3 1
git.myscrm.cn/ganqx01/ai-script/backend/internal/handler/sprint3.go:168.47,171.3 2 1
git.myscrm.cn/ganqx01/ai-script/backend/internal/handler/sprint3.go:172.2,173.9 2 1
git.myscrm.cn/ganqx01/ai-script/backend/internal/handler/sprint3.go:173.9,176.3 2 1
git.myscrm.cn/ganqx01/ai-script/backend/internal/handler/sprint3.go:177.2,177.95 1 1
git.myscrm.cn/ganqx01/ai-script/backend/internal/handler/sprint3.go:177.95,180.3 2 0
git.myscrm.cn/ganqx01/ai-script/backend/internal/handler/sprint3.go:181.2,181.21 1 1
git.myscrm.cn/ganqx01/ai-script/backend/internal/handler/sprint3.go:191.45,194.16 3 1
git.myscrm.cn/ganqx01/ai-script/backend/internal/handler/sprint3.go:194.16,197.3 2 0
git.myscrm.cn/ganqx01/ai-script/backend/internal/handler/sprint3.go:198.2,198.22 1 1
git.myscrm.cn/ganqx01/ai-script/backend/internal/handler/sprint3.go:201.44,204.16 3 1
git.myscrm.cn/ganqx01/ai-script/backend/internal/handler/sprint3.go:204.16,207.3 2 1
git.myscrm.cn/ganqx01/ai-script/backend/internal/handler/sprint3.go:208.2,208.20 1 1
git.myscrm.cn/ganqx01/ai-script/backend/internal/handler/sprint3.go:211.47,213.46 2 1
git.myscrm.cn/ganqx01/ai-script/backend/internal/handler/sprint3.go:213.46,216.3 2 1
git.myscrm.cn/ganqx01/ai-script/backend/internal/handler/sprint3.go:217.2,218.9 2 1
git.myscrm.cn/ganqx01/ai-script/backend/internal/handler/sprint3.go:218.9,221.3 2 1
git.myscrm.cn/ganqx01/ai-script/backend/internal/handler/sprint3.go:222.2,223.16 2 1
git.myscrm.cn/ganqx01/ai-script/backend/internal/handler/sprint3.go:223.16,226.3 2 0
git.myscrm.cn/ganqx01/ai-script/backend/internal/handler/sprint3.go:227.2,227.20 1 1
git.myscrm.cn/ganqx01/ai-script/backend/internal/handler/sprint3.go:230.47,233.46 3 1
git.myscrm.cn/ganqx01/ai-script/backend/internal/handler/sprint3.go:233.46,236.3 2 1
git.myscrm.cn/ganqx01/ai-script/backend/internal/handler/sprint3.go:237.2,238.16 2 1
git.myscrm.cn/ganqx01/ai-script/backend/internal/handler/sprint3.go:238.16,241.3 2 1
git.myscrm.cn/ganqx01/ai-script/backend/internal/handler/sprint3.go:242.2,242.20 1 1
git.myscrm.cn/ganqx01/ai-script/backend/internal/handler/sprint3.go:245.47,247.64 2 1
git.myscrm.cn/ganqx01/ai-script/backend/internal/handler/sprint3.go:247.64,250.3 2 0
git.myscrm.cn/ganqx01/ai-script/backend/internal/handler/sprint3.go:251.2,251.21 1 1
git.myscrm.cn/ganqx01/ai-script/backend/internal/handler/sprint3.go:256.45,259.41 3 1
git.myscrm.cn/ganqx01/ai-script/backend/internal/handler/sprint3.go:259.41,262.3 2 1
git.myscrm.cn/ganqx01/ai-script/backend/internal/handler/sprint3.go:263.2,263.44 1 1
git.myscrm.cn/ganqx01/ai-script/backend/internal/handler/sprint3.go:263.44,266.3 2 1
git.myscrm.cn/ganqx01/ai-script/backend/internal/handler/sprint3.go:267.2,267.37 1 1
git.myscrm.cn/ganqx01/ai-script/backend/internal/handler/sprint3.go:267.37,270.3 2 1
git.myscrm.cn/ganqx01/ai-script/backend/internal/handler/sprint3.go:271.2,272.16 2 1
git.myscrm.cn/ganqx01/ai-script/backend/internal/handler/sprint3.go:272.16,275.3 2 0
git.myscrm.cn/ganqx01/ai-script/backend/internal/handler/sprint3.go:276.2,276.93 1 1
git.myscrm.cn/ganqx01/ai-script/backend/internal/handler/sprint3.go:279.44,282.16 3 1
git.myscrm.cn/ganqx01/ai-script/backend/internal/handler/sprint3.go:282.16,285.3 2 1
git.myscrm.cn/ganqx01/ai-script/backend/internal/handler/sprint3.go:286.2,286.21 1 1
git.myscrm.cn/ganqx01/ai-script/backend/internal/handler/sprint3.go:289.47,291.62 2 1
git.myscrm.cn/ganqx01/ai-script/backend/internal/handler/sprint3.go:291.62,294.3 2 0
git.myscrm.cn/ganqx01/ai-script/backend/internal/handler/sprint3.go:295.2,295.21 1 1
git.myscrm.cn/ganqx01/ai-script/backend/internal/handler/sprint3.go:300.50,303.41 3 1
git.myscrm.cn/ganqx01/ai-script/backend/internal/handler/sprint3.go:303.41,306.3 2 1
git.myscrm.cn/ganqx01/ai-script/backend/internal/handler/sprint3.go:307.2,307.44 1 1
git.myscrm.cn/ganqx01/ai-script/backend/internal/handler/sprint3.go:307.44,310.3 2 1
git.myscrm.cn/ganqx01/ai-script/backend/internal/handler/sprint3.go:311.2,313.16 3 1
git.myscrm.cn/ganqx01/ai-script/backend/internal/handler/sprint3.go:313.16,316.3 2 0
git.myscrm.cn/ganqx01/ai-script/backend/internal/handler/sprint3.go:317.2,317.93 1 1
git.myscrm.cn/ganqx01/ai-script/backend/internal/handler/sprint3.go:320.49,323.16 3 1
git.myscrm.cn/ganqx01/ai-script/backend/internal/handler/sprint3.go:323.16,326.3 2 1
git.myscrm.cn/ganqx01/ai-script/backend/internal/handler/sprint3.go:327.2,327.20 1 1
git.myscrm.cn/ganqx01/ai-script/backend/internal/handler/sprint3.go:344.54,347.46 3 1
git.myscrm.cn/ganqx01/ai-script/backend/internal/handler/sprint3.go:347.46,350.3 2 1
git.myscrm.cn/ganqx01/ai-script/backend/internal/handler/sprint3.go:351.2,351.66 1 0
git.myscrm.cn/ganqx01/ai-script/backend/internal/handler/sprint3.go:351.66,354.3 2 0
git.myscrm.cn/ganqx01/ai-script/backend/internal/handler/sprint3.go:355.2,356.9 2 0
git.myscrm.cn/ganqx01/ai-script/backend/internal/handler/sprint3.go:356.9,359.3 2 0
git.myscrm.cn/ganqx01/ai-script/backend/internal/handler/sprint3.go:360.2,362.16 3 0
git.myscrm.cn/ganqx01/ai-script/backend/internal/handler/sprint3.go:362.16,365.3 2 0
git.myscrm.cn/ganqx01/ai-script/backend/internal/handler/sprint3.go:366.2,366.102 1 0
git.myscrm.cn/ganqx01/ai-script/backend/internal/handler/sprint3.go:369.52,371.64 2 1
git.myscrm.cn/ganqx01/ai-script/backend/internal/handler/sprint3.go:371.64,374.3 2 0
git.myscrm.cn/ganqx01/ai-script/backend/internal/handler/sprint3.go:375.2,375.21 1 1
git.myscrm.cn/ganqx01/ai-script/backend/internal/handler/sprint3.go:394.48,396.34 2 1
git.myscrm.cn/ganqx01/ai-script/backend/internal/handler/sprint3.go:396.34,399.3 2 1
git.myscrm.cn/ganqx01/ai-script/backend/internal/handler/sprint3.go:400.2,401.16 2 1
git.myscrm.cn/ganqx01/ai-script/backend/internal/handler/sprint3.go:401.16,404.3 2 1
git.myscrm.cn/ganqx01/ai-script/backend/internal/handler/sprint3.go:405.2,405.37 1 1
git.myscrm.cn/ganqx01/ai-script/backend/internal/handler/sprint3.go:405.37,408.3 2 1
git.myscrm.cn/ganqx01/ai-script/backend/internal/handler/sprint3.go:409.2,410.16 2 0
git.myscrm.cn/ganqx01/ai-script/backend/internal/handler/sprint3.go:410.16,413.3 2 0
git.myscrm.cn/ganqx01/ai-script/backend/internal/handler/sprint3.go:414.2,416.16 3 0
git.myscrm.cn/ganqx01/ai-script/backend/internal/handler/sprint3.go:416.16,419.3 2 0
git.myscrm.cn/ganqx01/ai-script/backend/internal/handler/sprint3.go:420.2,420.21 1 0
git.myscrm.cn/ganqx01/ai-script/backend/internal/handler/sprint3.go:430.50,433.38 3 1
git.myscrm.cn/ganqx01/ai-script/backend/internal/handler/sprint3.go:433.38,436.3 2 1
git.myscrm.cn/ganqx01/ai-script/backend/internal/handler/sprint3.go:437.2,437.38 1 1
git.myscrm.cn/ganqx01/ai-script/backend/internal/handler/sprint3.go:437.38,440.3 2 1
git.myscrm.cn/ganqx01/ai-script/backend/internal/handler/sprint3.go:441.2,441.41 1 1
git.myscrm.cn/ganqx01/ai-script/backend/internal/handler/sprint3.go:441.41,444.3 2 1
git.myscrm.cn/ganqx01/ai-script/backend/internal/handler/sprint3.go:445.2,445.39 1 1
git.myscrm.cn/ganqx01/ai-script/backend/internal/handler/sprint3.go:445.39,448.3 2 1
git.myscrm.cn/ganqx01/ai-script/backend/internal/handler/sprint3.go:449.2,451.35 3 1
git.myscrm.cn/ganqx01/ai-script/backend/internal/handler/sprint3.go:451.35,452.56 1 1
git.myscrm.cn/ganqx01/ai-script/backend/internal/handler/sprint3.go:452.56,454.4 1 1
git.myscrm.cn/ganqx01/ai-script/backend/internal/handler/sprint3.go:456.2,456.33 1 1
git.myscrm.cn/ganqx01/ai-script/backend/internal/handler/sprint3.go:456.33,457.56 1 1
git.myscrm.cn/ganqx01/ai-script/backend/internal/handler/sprint3.go:457.56,459.4 1 1
git.myscrm.cn/ganqx01/ai-script/backend/internal/handler/sprint3.go:461.2,462.16 2 1
git.myscrm.cn/ganqx01/ai-script/backend/internal/handler/sprint3.go:462.16,465.3 2 0
git.myscrm.cn/ganqx01/ai-script/backend/internal/handler/sprint3.go:466.2,466.93 1 1
git.myscrm.cn/ganqx01/ai-script/backend/internal/handler/sprint3.go:469.51,471.38 2 1
git.myscrm.cn/ganqx01/ai-script/backend/internal/handler/sprint3.go:471.38,474.3 2 1
git.myscrm.cn/ganqx01/ai-script/backend/internal/handler/sprint3.go:475.2,475.38 1 1
git.myscrm.cn/ganqx01/ai-script/backend/internal/handler/sprint3.go:475.38,478.3 2 1
git.myscrm.cn/ganqx01/ai-script/backend/internal/handler/sprint3.go:479.2,479.41 1 1
git.myscrm.cn/ganqx01/ai-script/backend/internal/handler/sprint3.go:479.41,482.3 2 1
git.myscrm.cn/ganqx01/ai-script/backend/internal/handler/sprint3.go:483.2,483.39 1 1
git.myscrm.cn/ganqx01/ai-script/backend/internal/handler/sprint3.go:483.39,486.3 2 1
git.myscrm.cn/ganqx01/ai-script/backend/internal/handler/sprint3.go:487.2,489.35 3 1
git.myscrm.cn/ganqx01/ai-script/backend/internal/handler/sprint3.go:489.35,490.56 1 1
git.myscrm.cn/ganqx01/ai-script/backend/internal/handler/sprint3.go:490.56,492.4 1 1
git.myscrm.cn/ganqx01/ai-script/backend/internal/handler/sprint3.go:494.2,494.33 1 1
git.myscrm.cn/ganqx01/ai-script/backend/internal/handler/sprint3.go:494.33,495.56 1 1
git.myscrm.cn/ganqx01/ai-script/backend/internal/handler/sprint3.go:495.56,497.4 1 1
git.myscrm.cn/ganqx01/ai-script/backend/internal/handler/sprint3.go:499.2,500.16 2 1
git.myscrm.cn/ganqx01/ai-script/backend/internal/handler/sprint3.go:500.16,503.3 2 0
git.myscrm.cn/ganqx01/ai-script/backend/internal/handler/sprint3.go:504.2,504.20 1 1
git.myscrm.cn/ganqx01/ai-script/backend/internal/handler/sprint4.go:16.49,29.16 7 0
git.myscrm.cn/ganqx01/ai-script/backend/internal/handler/sprint4.go:29.16,32.3 2 0
git.myscrm.cn/ganqx01/ai-script/backend/internal/handler/sprint4.go:33.2,38.4 1 0
git.myscrm.cn/ganqx01/ai-script/backend/internal/handler/sprint4.go:41.48,43.16 2 0
git.myscrm.cn/ganqx01/ai-script/backend/internal/handler/sprint4.go:43.16,46.3 2 0
git.myscrm.cn/ganqx01/ai-script/backend/internal/handler/sprint4.go:47.2,48.16 2 0
git.myscrm.cn/ganqx01/ai-script/backend/internal/handler/sprint4.go:48.16,51.3 2 0
git.myscrm.cn/ganqx01/ai-script/backend/internal/handler/sprint4.go:52.2,52.19 1 0
git.myscrm.cn/ganqx01/ai-script/backend/internal/handler/sprint4.go:55.51,57.46 2 0
git.myscrm.cn/ganqx01/ai-script/backend/internal/handler/sprint4.go:57.46,60.3 2 0
git.myscrm.cn/ganqx01/ai-script/backend/internal/handler/sprint4.go:61.2,62.9 2 0
git.myscrm.cn/ganqx01/ai-script/backend/internal/handler/sprint4.go:62.9,65.3 2 0
git.myscrm.cn/ganqx01/ai-script/backend/internal/handler/sprint4.go:66.2,67.16 2 0
git.myscrm.cn/ganqx01/ai-script/backend/internal/handler/sprint4.go:67.16,70.3 2 0
git.myscrm.cn/ganqx01/ai-script/backend/internal/handler/sprint4.go:71.2,71.19 1 0
git.myscrm.cn/ganqx01/ai-script/backend/internal/handler/sprint4.go:74.51,76.16 2 0
git.myscrm.cn/ganqx01/ai-script/backend/internal/handler/sprint4.go:76.16,79.3 2 0
git.myscrm.cn/ganqx01/ai-script/backend/internal/handler/sprint4.go:80.2,81.46 2 0
git.myscrm.cn/ganqx01/ai-script/backend/internal/handler/sprint4.go:81.46,84.3 2 0
git.myscrm.cn/ganqx01/ai-script/backend/internal/handler/sprint4.go:85.2,86.9 2 0
git.myscrm.cn/ganqx01/ai-script/backend/internal/handler/sprint4.go:86.9,89.3 2 0
git.myscrm.cn/ganqx01/ai-script/backend/internal/handler/sprint4.go:90.2,91.16 2 0
git.myscrm.cn/ganqx01/ai-script/backend/internal/handler/sprint4.go:91.16,94.3 2 0
git.myscrm.cn/ganqx01/ai-script/backend/internal/handler/sprint4.go:95.2,95.19 1 0
git.myscrm.cn/ganqx01/ai-script/backend/internal/handler/sprint4.go:98.51,100.16 2 0
git.myscrm.cn/ganqx01/ai-script/backend/internal/handler/sprint4.go:100.16,103.3 2 0
git.myscrm.cn/ganqx01/ai-script/backend/internal/handler/sprint4.go:104.2,104.63 1 0
git.myscrm.cn/ganqx01/ai-script/backend/internal/handler/sprint4.go:104.63,107.3 2 0
git.myscrm.cn/ganqx01/ai-script/backend/internal/handler/sprint4.go:108.2,108.33 1 0
git.myscrm.cn/ganqx01/ai-script/backend/internal/handler/sprint4.go:126.51,129.16 3 0
git.myscrm.cn/ganqx01/ai-script/backend/internal/handler/sprint4.go:129.16,132.3 2 0
git.myscrm.cn/ganqx01/ai-script/backend/internal/handler/sprint4.go:133.2,134.9 2 0
git.myscrm.cn/ganqx01/ai-script/backend/internal/handler/sprint4.go:134.9,137.3 2 0
git.myscrm.cn/ganqx01/ai-script/backend/internal/handler/sprint4.go:138.2,139.16 2 0
git.myscrm.cn/ganqx01/ai-script/backend/internal/handler/sprint4.go:139.16,142.3 2 0
git.myscrm.cn/ganqx01/ai-script/backend/internal/handler/sprint4.go:143.2,146.4 1 0
git.myscrm.cn/ganqx01/ai-script/backend/internal/handler/sprint4.go:151.48,166.16 8 0
git.myscrm.cn/ganqx01/ai-script/backend/internal/handler/sprint4.go:166.16,169.3 2 0
git.myscrm.cn/ganqx01/ai-script/backend/internal/handler/sprint4.go:170.2,175.4 1 0
git.myscrm.cn/ganqx01/ai-script/backend/internal/handler/sprint4.go:178.47,180.16 2 0
git.myscrm.cn/ganqx01/ai-script/backend/internal/handler/sprint4.go:180.16,183.3 2 0
git.myscrm.cn/ganqx01/ai-script/backend/internal/handler/sprint4.go:184.2,185.16 2 0
git.myscrm.cn/ganqx01/ai-script/backend/internal/handler/sprint4.go:185.16,188.3 2 0
git.myscrm.cn/ganqx01/ai-script/backend/internal/handler/sprint4.go:189.2,189.19 1 0
git.myscrm.cn/ganqx01/ai-script/backend/internal/handler/sprint4.go:192.50,194.46 2 0
git.myscrm.cn/ganqx01/ai-script/backend/internal/handler/sprint4.go:194.46,197.3 2 0
git.myscrm.cn/ganqx01/ai-script/backend/internal/handler/sprint4.go:198.2,199.9 2 0
git.myscrm.cn/ganqx01/ai-script/backend/internal/handler/sprint4.go:199.9,202.3 2 0
git.myscrm.cn/ganqx01/ai-script/backend/internal/handler/sprint4.go:203.2,204.16 2 0
git.myscrm.cn/ganqx01/ai-script/backend/internal/handler/sprint4.go:204.16,207.3 2 0
git.myscrm.cn/ganqx01/ai-script/backend/internal/handler/sprint4.go:208.2,208.19 1 0
git.myscrm.cn/ganqx01/ai-script/backend/internal/handler/sprint4.go:211.50,213.16 2 0
git.myscrm.cn/ganqx01/ai-script/backend/internal/handler/sprint4.go:213.16,216.3 2 0
git.myscrm.cn/ganqx01/ai-script/backend/internal/handler/sprint4.go:217.2,218.46 2 0
git.myscrm.cn/ganqx01/ai-script/backend/internal/handler/sprint4.go:218.46,221.3 2 0
git.myscrm.cn/ganqx01/ai-script/backend/internal/handler/sprint4.go:222.2,223.16 2 0
git.myscrm.cn/ganqx01/ai-script/backend/internal/handler/sprint4.go:223.16,226.3 2 0
git.myscrm.cn/ganqx01/ai-script/backend/internal/handler/sprint4.go:227.2,227.19 1 0
git.myscrm.cn/ganqx01/ai-script/backend/internal/handler/sprint4.go:230.50,232.16 2 0
git.myscrm.cn/ganqx01/ai-script/backend/internal/handler/sprint4.go:232.16,235.3 2 0
git.myscrm.cn/ganqx01/ai-script/backend/internal/handler/sprint4.go:236.2,236.67 1 0
git.myscrm.cn/ganqx01/ai-script/backend/internal/handler/sprint4.go:236.67,239.3 2 0
git.myscrm.cn/ganqx01/ai-script/backend/internal/handler/sprint4.go:240.2,240.33 1 0
git.myscrm.cn/ganqx01/ai-script/backend/internal/handler/sprint4.go:243.52,245.16 2 0
git.myscrm.cn/ganqx01/ai-script/backend/internal/handler/sprint4.go:245.16,248.3 2 0
git.myscrm.cn/ganqx01/ai-script/backend/internal/handler/sprint4.go:249.2,253.16 4 0
git.myscrm.cn/ganqx01/ai-script/backend/internal/handler/sprint4.go:253.16,256.3 2 0
git.myscrm.cn/ganqx01/ai-script/backend/internal/handler/sprint4.go:257.2,262.4 1 0
git.myscrm.cn/ganqx01/ai-script/backend/internal/handler/sprint4.go:265.50,267.16 2 0
git.myscrm.cn/ganqx01/ai-script/backend/internal/handler/sprint4.go:267.16,270.3 2 0
git.myscrm.cn/ganqx01/ai-script/backend/internal/handler/sprint4.go:271.2,272.16 2 0
git.myscrm.cn/ganqx01/ai-script/backend/internal/handler/sprint4.go:272.16,275.3 2 0
git.myscrm.cn/ganqx01/ai-script/backend/internal/handler/sprint4.go:276.2,276.19 1 0
git.myscrm.cn/ganqx01/ai-script/backend/internal/handler/sprint4.go:279.53,281.16 2 0
git.myscrm.cn/ganqx01/ai-script/backend/internal/handler/sprint4.go:281.16,284.3 2 0
git.myscrm.cn/ganqx01/ai-script/backend/internal/handler/sprint4.go:285.2,286.16 2 0
git.myscrm.cn/ganqx01/ai-script/backend/internal/handler/sprint4.go:286.16,289.3 2 0
git.myscrm.cn/ganqx01/ai-script/backend/internal/handler/sprint4.go:290.2,290.22 1 0
git.myscrm.cn/ganqx01/ai-script/backend/internal/handler/sprint5.go:30.51,32.16 2 0
git.myscrm.cn/ganqx01/ai-script/backend/internal/handler/sprint5.go:32.16,35.3 2 0
git.myscrm.cn/ganqx01/ai-script/backend/internal/handler/sprint5.go:36.2,36.22 1 0
git.myscrm.cn/ganqx01/ai-script/backend/internal/handler/sprint5.go:39.49,42.16 3 0
git.myscrm.cn/ganqx01/ai-script/backend/internal/handler/sprint5.go:42.16,45.3 2 0
git.myscrm.cn/ganqx01/ai-script/backend/internal/handler/sprint5.go:46.2,46.19 1 0
git.myscrm.cn/ganqx01/ai-script/backend/internal/handler/sprint5.go:49.51,52.16 3 0
git.myscrm.cn/ganqx01/ai-script/backend/internal/handler/sprint5.go:52.16,55.3 2 0
git.myscrm.cn/ganqx01/ai-script/backend/internal/handler/sprint5.go:56.2,56.22 1 0
git.myscrm.cn/ganqx01/ai-script/backend/internal/handler/sprint5.go:59.48,61.46 2 0
git.myscrm.cn/ganqx01/ai-script/backend/internal/handler/sprint5.go:61.46,64.3 2 0
git.myscrm.cn/ganqx01/ai-script/backend/internal/handler/sprint5.go:65.2,67.16 3 0
git.myscrm.cn/ganqx01/ai-script/backend/internal/handler/sprint5.go:67.16,70.3 2 0
git.myscrm.cn/ganqx01/ai-script/backend/internal/handler/sprint5.go:71.2,71.21 1 0
git.myscrm.cn/ganqx01/ai-script/backend/internal/handler/sprint5.go:74.53,79.16 5 0
git.myscrm.cn/ganqx01/ai-script/backend/internal/handler/sprint5.go:79.16,82.3 2 0
git.myscrm.cn/ganqx01/ai-script/backend/internal/handler/sprint5.go:83.2,83.89 1 0
git.myscrm.cn/ganqx01/ai-script/backend/internal/handler/sprint5.go:86.51,89.16 3 0
git.myscrm.cn/ganqx01/ai-script/backend/internal/handler/sprint5.go:89.16,92.3 2 0
git.myscrm.cn/ganqx01/ai-script/backend/internal/handler/sprint5.go:93.2,93.21 1 0
git.myscrm.cn/ganqx01/ai-script/backend/internal/handler/sprint5.go:96.53,99.16 3 0
git.myscrm.cn/ganqx01/ai-script/backend/internal/handler/sprint5.go:99.16,102.3 2 0
git.myscrm.cn/ganqx01/ai-script/backend/internal/handler/sprint5.go:103.2,103.22 1 0
git.myscrm.cn/ganqx01/ai-script/backend/internal/handler/sprint5.go:106.45,109.46 3 0
git.myscrm.cn/ganqx01/ai-script/backend/internal/handler/sprint5.go:109.46,112.3 2 0
git.myscrm.cn/ganqx01/ai-script/backend/internal/handler/sprint5.go:113.2,114.9 2 0
git.myscrm.cn/ganqx01/ai-script/backend/internal/handler/sprint5.go:114.9,117.3 2 0
git.myscrm.cn/ganqx01/ai-script/backend/internal/handler/sprint5.go:118.2,119.16 2 0
git.myscrm.cn/ganqx01/ai-script/backend/internal/handler/sprint5.go:119.16,122.3 2 0
git.myscrm.cn/ganqx01/ai-script/backend/internal/handler/sprint5.go:123.2,123.21 1 0
git.myscrm.cn/ganqx01/ai-script/backend/internal/handler/sprint5.go:126.48,129.70 3 0
git.myscrm.cn/ganqx01/ai-script/backend/internal/handler/sprint5.go:129.70,132.3 2 0
git.myscrm.cn/ganqx01/ai-script/backend/internal/handler/sprint5.go:133.2,133.33 1 0
git.myscrm.cn/ganqx01/ai-script/backend/internal/handler/sprint5.go:144.50,146.46 2 0
git.myscrm.cn/ganqx01/ai-script/backend/internal/handler/sprint5.go:146.46,149.3 2 0
git.myscrm.cn/ganqx01/ai-script/backend/internal/handler/sprint5.go:150.2,151.9 2 0
git.myscrm.cn/ganqx01/ai-script/backend/internal/handler/sprint5.go:151.9,154.3 2 0
git.myscrm.cn/ganqx01/ai-script/backend/internal/handler/sprint5.go:155.2,156.16 2 0
git.myscrm.cn/ganqx01/ai-script/backend/internal/handler/sprint5.go:156.16,159.3 2 0
git.myscrm.cn/ganqx01/ai-script/backend/internal/handler/sprint5.go:160.2,160.19 1 0
git.myscrm.cn/ganqx01/ai-script/backend/internal/handler/sprint5.go:164.52,166.69 2 0
git.myscrm.cn/ganqx01/ai-script/backend/internal/handler/sprint5.go:166.69,169.3 2 0
git.myscrm.cn/ganqx01/ai-script/backend/internal/handler/sprint5.go:170.2,170.33 1 0
git.myscrm.cn/ganqx01/ai-script/backend/internal/handler/sprint5.go:174.46,177.16 3 0
git.myscrm.cn/ganqx01/ai-script/backend/internal/handler/sprint5.go:177.16,180.3 2 0
git.myscrm.cn/ganqx01/ai-script/backend/internal/handler/sprint5.go:181.2,181.19 1 0
git.myscrm.cn/ganqx01/ai-script/backend/internal/handler/sprint5.go:184.47,189.16 5 0
git.myscrm.cn/ganqx01/ai-script/backend/internal/handler/sprint5.go:189.16,192.3 2 0
git.myscrm.cn/ganqx01/ai-script/backend/internal/handler/sprint5.go:193.2,193.89 1 0
git.myscrm.cn/ganqx01/ai-script/backend/internal/handler/sprint5.go:196.50,198.67 2 0
git.myscrm.cn/ganqx01/ai-script/backend/internal/handler/sprint5.go:198.67,201.3 2 0
git.myscrm.cn/ganqx01/ai-script/backend/internal/handler/sprint5.go:202.2,202.33 1 0
git.myscrm.cn/ganqx01/ai-script/backend/internal/handler/sprint5.go:205.54,207.71 2 0
git.myscrm.cn/ganqx01/ai-script/backend/internal/handler/sprint5.go:207.71,210.3 2 0
git.myscrm.cn/ganqx01/ai-script/backend/internal/handler/sprint5.go:211.2,211.33 1 0
git.myscrm.cn/ganqx01/ai-script/backend/internal/handler/sprint5.go:215.58,220.48 3 0
git.myscrm.cn/ganqx01/ai-script/backend/internal/handler/sprint5.go:220.48,223.3 2 0
git.myscrm.cn/ganqx01/ai-script/backend/internal/handler/sprint5.go:224.2,225.16 2 0
git.myscrm.cn/ganqx01/ai-script/backend/internal/handler/sprint5.go:225.16,228.3 2 0
git.myscrm.cn/ganqx01/ai-script/backend/internal/handler/sprint5.go:229.2,229.19 1 0
git.myscrm.cn/ganqx01/ai-script/backend/internal/handler/sprint5.go:240.53,244.16 4 0
git.myscrm.cn/ganqx01/ai-script/backend/internal/handler/sprint5.go:244.16,247.3 2 0
git.myscrm.cn/ganqx01/ai-script/backend/internal/handler/sprint5.go:248.2,248.22 1 0
git.myscrm.cn/ganqx01/ai-script/backend/internal/handler/sprint5.go:251.51,254.16 3 0
git.myscrm.cn/ganqx01/ai-script/backend/internal/handler/sprint5.go:254.16,257.3 2 0
git.myscrm.cn/ganqx01/ai-script/backend/internal/handler/sprint5.go:258.2,258.19 1 0
git.myscrm.cn/ganqx01/ai-script/backend/internal/handler/sprint5.go:261.54,263.46 2 0
git.myscrm.cn/ganqx01/ai-script/backend/internal/handler/sprint5.go:263.46,266.3 2 0
git.myscrm.cn/ganqx01/ai-script/backend/internal/handler/sprint5.go:267.2,268.16 2 0
git.myscrm.cn/ganqx01/ai-script/backend/internal/handler/sprint5.go:268.16,271.3 2 0
git.myscrm.cn/ganqx01/ai-script/backend/internal/handler/sprint5.go:272.2,272.19 1 0
git.myscrm.cn/ganqx01/ai-script/backend/internal/handler/sprint5.go:275.54,278.46 3 0
git.myscrm.cn/ganqx01/ai-script/backend/internal/handler/sprint5.go:278.46,281.3 2 0
git.myscrm.cn/ganqx01/ai-script/backend/internal/handler/sprint5.go:282.2,283.16 2 0
git.myscrm.cn/ganqx01/ai-script/backend/internal/handler/sprint5.go:283.16,286.3 2 0
git.myscrm.cn/ganqx01/ai-script/backend/internal/handler/sprint5.go:287.2,287.19 1 0
git.myscrm.cn/ganqx01/ai-script/backend/internal/handler/sprint5.go:290.54,292.71 2 0
git.myscrm.cn/ganqx01/ai-script/backend/internal/handler/sprint5.go:292.71,295.3 2 0
git.myscrm.cn/ganqx01/ai-script/backend/internal/handler/sprint5.go:296.2,296.33 1 0
git.myscrm.cn/ganqx01/ai-script/backend/internal/handler/sprint5.go:301.52,306.35 5 0
git.myscrm.cn/ganqx01/ai-script/backend/internal/handler/sprint5.go:306.35,307.50 1 0
git.myscrm.cn/ganqx01/ai-script/backend/internal/handler/sprint5.go:307.50,309.4 1 0
git.myscrm.cn/ganqx01/ai-script/backend/internal/handler/sprint5.go:311.2,311.33 1 0
git.myscrm.cn/ganqx01/ai-script/backend/internal/handler/sprint5.go:311.33,312.50 1 0
git.myscrm.cn/ganqx01/ai-script/backend/internal/handler/sprint5.go:312.50,314.4 1 0
git.myscrm.cn/ganqx01/ai-script/backend/internal/handler/sprint5.go:316.2,320.16 5 0
git.myscrm.cn/ganqx01/ai-script/backend/internal/handler/sprint5.go:320.16,323.3 2 0
git.myscrm.cn/ganqx01/ai-script/backend/internal/handler/sprint5.go:324.2,324.22 1 0
git.myscrm.cn/ganqx01/ai-script/backend/internal/handler/sprint5.go:334.45,342.16 8 0
git.myscrm.cn/ganqx01/ai-script/backend/internal/handler/sprint5.go:342.16,345.3 2 0
git.myscrm.cn/ganqx01/ai-script/backend/internal/handler/sprint5.go:346.2,346.93 1 0
git.myscrm.cn/ganqx01/ai-script/backend/internal/handler/sprint5_feature_flag.go:18.51,20.16 2 0
git.myscrm.cn/ganqx01/ai-script/backend/internal/handler/sprint5_feature_flag.go:20.16,23.3 2 0
git.myscrm.cn/ganqx01/ai-script/backend/internal/handler/sprint5_feature_flag.go:24.2,24.22 1 0
git.myscrm.cn/ganqx01/ai-script/backend/internal/handler/sprint5_feature_flag.go:27.50,30.16 3 0
git.myscrm.cn/ganqx01/ai-script/backend/internal/handler/sprint5_feature_flag.go:30.16,33.3 2 0
git.myscrm.cn/ganqx01/ai-script/backend/internal/handler/sprint5_feature_flag.go:34.2,34.19 1 0
git.myscrm.cn/ganqx01/ai-script/backend/internal/handler/sprint5_feature_flag.go:37.53,39.46 2 0
git.myscrm.cn/ganqx01/ai-script/backend/internal/handler/sprint5_feature_flag.go:39.46,42.3 2 0
git.myscrm.cn/ganqx01/ai-script/backend/internal/handler/sprint5_feature_flag.go:43.2,44.9 2 0
git.myscrm.cn/ganqx01/ai-script/backend/internal/handler/sprint5_feature_flag.go:44.9,47.3 2 0
git.myscrm.cn/ganqx01/ai-script/backend/internal/handler/sprint5_feature_flag.go:48.2,49.16 2 0
git.myscrm.cn/ganqx01/ai-script/backend/internal/handler/sprint5_feature_flag.go:49.16,52.3 2 0
git.myscrm.cn/ganqx01/ai-script/backend/internal/handler/sprint5_feature_flag.go:53.2,53.19 1 0
git.myscrm.cn/ganqx01/ai-script/backend/internal/handler/sprint5_feature_flag.go:56.53,59.46 3 0
git.myscrm.cn/ganqx01/ai-script/backend/internal/handler/sprint5_feature_flag.go:59.46,62.3 2 0
git.myscrm.cn/ganqx01/ai-script/backend/internal/handler/sprint5_feature_flag.go:63.2,64.9 2 0
git.myscrm.cn/ganqx01/ai-script/backend/internal/handler/sprint5_feature_flag.go:64.9,67.3 2 0
git.myscrm.cn/ganqx01/ai-script/backend/internal/handler/sprint5_feature_flag.go:68.2,69.16 2 0
git.myscrm.cn/ganqx01/ai-script/backend/internal/handler/sprint5_feature_flag.go:69.16,72.3 2 0
git.myscrm.cn/ganqx01/ai-script/backend/internal/handler/sprint5_feature_flag.go:73.2,73.19 1 0
git.myscrm.cn/ganqx01/ai-script/backend/internal/handler/sprint5_feature_flag.go:76.53,78.63 2 0
git.myscrm.cn/ganqx01/ai-script/backend/internal/handler/sprint5_feature_flag.go:78.63,81.3 2 0
git.myscrm.cn/ganqx01/ai-script/backend/internal/handler/sprint5_feature_flag.go:82.2,82.33 1 0
git.myscrm.cn/ganqx01/ai-script/backend/internal/handler/sprint5_feature_flag.go:85.55,87.15 2 0
git.myscrm.cn/ganqx01/ai-script/backend/internal/handler/sprint5_feature_flag.go:87.15,90.3 2 0
git.myscrm.cn/ganqx01/ai-script/backend/internal/handler/sprint5_feature_flag.go:91.2,92.9 2 0
git.myscrm.cn/ganqx01/ai-script/backend/internal/handler/sprint5_feature_flag.go:92.9,95.3 2 0
git.myscrm.cn/ganqx01/ai-script/backend/internal/handler/sprint5_feature_flag.go:96.2,104.16 5 0
git.myscrm.cn/ganqx01/ai-script/backend/internal/handler/sprint5_feature_flag.go:104.16,107.3 2 0
git.myscrm.cn/ganqx01/ai-script/backend/internal/handler/sprint5_feature_flag.go:108.2,108.50 1 0
